// Jest Snapshot v1, https://goo.gl/fbAQLP

exports[`notification component should render the component with the given state 1`] = `
<div
  className="notifs-container accordion"
>
  <div
    className="card-header"
    id="notif-header"
    onClick={[Function]}
    variant="link"
  >
    Notifications
  </div>
  <div
    aria-expanded={null}
    className="collapse"
  >
    <div>
      <div
        className="notifs accordion"
      />
    </div>
  </div>
</div>
`;
