// Jest Snapshot v1, https://goo.gl/fbAQLP

exports[`renders the component 1`] = `
<Provider
  store={
    Object {
      "dispatch": [Function],
      "getState": [Function],
      "replaceReducer": [Function],
      "subscribe": [Function],
      Symbol(observable): [Function],
    }
  }
>
  <NewClientButton>
    <Button
      className="create-account-button"
      color="secondary"
      onClick={[Function]}
      tag="button"
    >
      <button
        aria-label={null}
        className="create-account-button btn btn-secondary"
        onClick={[Function]}
        type="button"
      >
        Create Account
      </button>
    </Button>
    <Modal
      autoFocus={true}
      backdrop={true}
      backdropTransition={
        Object {
          "mountOnEnter": true,
          "timeout": 150,
        }
      }
      centered={false}
      container="body"
      fade={true}
      isOpen={true}
      keyboard={true}
      modalTransition={
        Object {
          "timeout": 300,
        }
      }
      onClosed={[Function]}
      onOpened={[Function]}
      returnFocusAfterClose={true}
      role="dialog"
      scrollable={false}
      toggle={[Function]}
      unmountOnClose={true}
      zIndex={1050}
    >
      <Portal
        node={
          <div
            style="position: relative; z-index: 1050; display: block;"
            tabindex="-1"
          >
            <div
              class=""
            >
              <div
                class="modal fade"
                role="dialog"
                style="display: block;"
                tabindex="-1"
              >
                <div
                  class="modal-dialog"
                  role="document"
                >
                  <div
                    class="modal-content"
                  >
                    <div
                      class="container create-account-modal-header modal-header"
                    >
                      <h5
                        class="modal-title"
                      >
                        Create Account
                      </h5>
                      <button
                        aria-label="Close"
                        class="close"
                        type="button"
                      >
                        <span
                          aria-hidden="true"
                        >
                          ×
                        </span>
                      </button>
                    </div>
                    <form
                      class=""
                    >
                      <div
                        class="modal-body"
                      >
                        <div
                          class="form-group"
                        >
                          <label
                            class=""
                            for="exampleSelect"
                          >
                            Account Type
                          </label>
                          <select
                            class="form-control"
                            id="exampleSelect"
                            name="select"
                            placeholder="Client Type"
                          >
                            <option
                              value="client"
                            >
                              Client
                            </option>
                            <option
                              value="admin"
                            >
                              Admin
                            </option>
                          </select>
                        </div>
                        <div
                          class="form-group"
                        >
                          <label
                            class=""
                          >
                            Email
                          </label>
                          <input
                            class="form-control"
                            id="email"
                            name="email"
                            required=""
                            type="email"
                          />
                        </div>
                        <div
                          class="container"
                        >
                          <div
                            class="row"
                          >
                            <div
                              class="col"
                            >
                              <div
                                class="form-group"
                              >
                                <label
                                  class=""
                                >
                                  First Name
                                </label>
                                <input
                                  class="form-control"
                                  id="firstName"
                                  name="firstName"
                                  required=""
                                  type="text"
                                />
                              </div>
                            </div>
                            <div
                              class="col"
                            >
                              <div
                                class="form-group"
                              >
                                <label
                                  class=""
                                >
                                  Last Name
                                </label>
                                <input
                                  class="form-control"
                                  id="lastName"
                                  name="lastName"
                                  required=""
                                  type="text"
                                />
                              </div>
                            </div>
                          </div>
                        </div>
                        <div
                          class="form-group"
                        >
                          <label
                            class=""
                          >
                            Company Name
                          </label>
                          <input
                            class="form-control"
                            id="companyName"
                            name="companyName"
                            required=""
                            type="text"
                          />
                        </div>
                        <div
                          class="form-group"
                        >
                          <label
                            class=""
                          >
                            Phone Number
                          </label>
                          <input
                            class="form-control"
                            id="phoneNumber"
                            name="phoneNumber"
                            pattern="[0-9]{3}-[0-9]{3}-[0-9]{4}"
                            placeholder="123-456-7890"
                            required=""
                            type="tel"
                          />
                        </div>
                        <div
                          class="form-group"
                        >
                          <label
                            class=""
                          >
                            Password
                          </label>
                          <input
                            class="form-control"
                            id="password"
                            minlength="6"
                            name="password"
                            required=""
                            type="password"
                          />
                        </div>
                        <div
                          class="form-group"
                        >
                          <label
                            class=""
                          >
                            Confirm Password
                          </label>
                          <input
                            class="form-control"
                            name="confirmation"
                            type="password"
                          />
                        </div>
                      </div>
                      <div
                        class="modal-footer"
                      >
                        <input
                          class="create-account-submit form-control"
                          type="submit"
                        />
                      </div>
                    </form>
                  </div>
                </div>
              </div>
              <div
                class="modal-backdrop fade"
              />
            </div>
          </div>
        }
      >
        <Portal
          containerInfo={
            <div
              style="position: relative; z-index: 1050; display: block;"
              tabindex="-1"
            >
              <div
                class=""
              >
                <div
                  class="modal fade"
                  role="dialog"
                  style="display: block;"
                  tabindex="-1"
                >
                  <div
                    class="modal-dialog"
                    role="document"
                  >
                    <div
                      class="modal-content"
                    >
                      <div
                        class="container create-account-modal-header modal-header"
                      >
                        <h5
                          class="modal-title"
                        >
                          Create Account
                        </h5>
                        <button
                          aria-label="Close"
                          class="close"
                          type="button"
                        >
                          <span
                            aria-hidden="true"
                          >
                            ×
                          </span>
                        </button>
                      </div>
                      <form
                        class=""
                      >
                        <div
                          class="modal-body"
                        >
                          <div
                            class="form-group"
                          >
                            <label
                              class=""
                              for="exampleSelect"
                            >
                              Account Type
                            </label>
                            <select
                              class="form-control"
                              id="exampleSelect"
                              name="select"
                              placeholder="Client Type"
                            >
                              <option
                                value="client"
                              >
                                Client
                              </option>
                              <option
                                value="admin"
                              >
                                Admin
                              </option>
                            </select>
                          </div>
                          <div
                            class="form-group"
                          >
                            <label
                              class=""
                            >
                              Email
                            </label>
                            <input
                              class="form-control"
                              id="email"
                              name="email"
                              required=""
                              type="email"
                            />
                          </div>
                          <div
                            class="container"
                          >
                            <div
                              class="row"
                            >
                              <div
                                class="col"
                              >
                                <div
                                  class="form-group"
                                >
                                  <label
                                    class=""
                                  >
                                    First Name
                                  </label>
                                  <input
                                    class="form-control"
                                    id="firstName"
                                    name="firstName"
                                    required=""
                                    type="text"
                                  />
                                </div>
                              </div>
                              <div
                                class="col"
                              >
                                <div
                                  class="form-group"
                                >
                                  <label
                                    class=""
                                  >
                                    Last Name
                                  </label>
                                  <input
                                    class="form-control"
                                    id="lastName"
                                    name="lastName"
                                    required=""
                                    type="text"
                                  />
                                </div>
                              </div>
                            </div>
                          </div>
                          <div
                            class="form-group"
                          >
                            <label
                              class=""
                            >
                              Company Name
                            </label>
                            <input
                              class="form-control"
                              id="companyName"
                              name="companyName"
                              required=""
                              type="text"
                            />
                          </div>
                          <div
                            class="form-group"
                          >
                            <label
                              class=""
                            >
                              Phone Number
                            </label>
                            <input
                              class="form-control"
                              id="phoneNumber"
                              name="phoneNumber"
                              pattern="[0-9]{3}-[0-9]{3}-[0-9]{4}"
                              placeholder="123-456-7890"
                              required=""
                              type="tel"
                            />
                          </div>
                          <div
                            class="form-group"
                          >
                            <label
                              class=""
                            >
                              Password
                            </label>
                            <input
                              class="form-control"
                              id="password"
                              minlength="6"
                              name="password"
                              required=""
                              type="password"
                            />
                          </div>
                          <div
                            class="form-group"
                          >
                            <label
                              class=""
                            >
                              Confirm Password
                            </label>
                            <input
                              class="form-control"
                              name="confirmation"
                              type="password"
                            />
                          </div>
                        </div>
                        <div
                          class="modal-footer"
                        >
                          <input
                            class="create-account-submit form-control"
                            type="submit"
                          />
                        </div>
                      </form>
                    </div>
                  </div>
                </div>
                <div
                  class="modal-backdrop fade"
                />
              </div>
            </div>
          }
        >
          <div
            className=""
          >
            <Fade
              appear={true}
              baseClass="fade"
              baseClassActive="show"
              className="modal"
              enter={true}
              exit={true}
              in={true}
              mountOnEnter={false}
              onClick={[Function]}
              onEnter={[Function]}
              onEntered={[Function]}
              onEntering={[Function]}
              onExit={[Function]}
              onExited={[Function]}
              onExiting={[Function]}
              onKeyDown={[Function]}
              onKeyUp={[Function]}
              onMouseDown={[Function]}
              role="dialog"
              style={
                Object {
                  "display": "block",
                }
              }
              tabIndex="-1"
              tag="div"
              timeout={300}
              unmountOnExit={false}
            >
              <Transition
                appear={true}
                enter={true}
                exit={true}
                in={true}
                mountOnEnter={false}
                onEnter={[Function]}
                onEntered={[Function]}
                onEntering={[Function]}
                onExit={[Function]}
                onExited={[Function]}
                onExiting={[Function]}
                timeout={300}
                unmountOnExit={false}
              >
                <div
                  className="modal fade"
                  onClick={[Function]}
                  onKeyDown={[Function]}
                  onKeyUp={[Function]}
                  onMouseDown={[Function]}
                  role="dialog"
                  style={
                    Object {
                      "display": "block",
                    }
                  }
                  tabIndex="-1"
                >
                  <div
                    className="modal-dialog"
                    role="document"
                  >
                    <div
                      className="modal-content"
                    >
                      <ModalHeader
                        charCode={215}
                        className="container create-account-modal-header"
                        closeAriaLabel="Close"
                        tag="h5"
                        toggle={[Function]}
                        wrapTag="div"
                      >
                        <div
                          className="container create-account-modal-header modal-header"
                        >
                          <h5
                            className="modal-title"
                          >
                            Create Account
                          </h5>
                          <button
                            aria-label="Close"
                            className="close"
                            onClick={[Function]}
                            type="button"
                          >
                            <span
                              aria-hidden="true"
                            >
                              ×
                            </span>
                          </button>
                        </div>
                      </ModalHeader>
                      <Form
                        onSubmit={[Function]}
                        tag="form"
                      >
                        <form
                          className=""
                          onSubmit={[Function]}
                        >
                          <ModalBody
                            tag="div"
                          >
                            <div
                              className="modal-body"
                            >
                              <FormGroup
                                tag="div"
                              >
                                <div
                                  className="form-group"
                                >
                                  <Label
                                    for="exampleSelect"
                                    tag="label"
                                    widths={
                                      Array [
                                        "xs",
                                        "sm",
                                        "md",
                                        "lg",
                                        "xl",
                                      ]
                                    }
                                  >
                                    <label
                                      className=""
                                      htmlFor="exampleSelect"
                                    >
                                      Account Type
                                    </label>
                                  </Label>
                                  <Input
                                    id="exampleSelect"
                                    name="select"
                                    onChange={[Function]}
                                    placeholder="Client Type"
                                    type="select"
                                  >
                                    <select
                                      className="form-control"
                                      id="exampleSelect"
                                      name="select"
                                      onChange={[Function]}
                                      placeholder="Client Type"
                                    >
                                      <option
                                        defaultValue="client"
                                        value="client"
                                      >
                                        Client
                                      </option>
                                      <option
                                        defaultValue="admin"
                                        value="admin"
                                      >
                                        Admin
                                      </option>
                                    </select>
                                  </Input>
                                </div>
                              </FormGroup>
                              <FormGroup
                                tag="div"
                              >
                                <div
                                  className="form-group"
                                >
                                  <Label
                                    tag="label"
                                    widths={
                                      Array [
                                        "xs",
                                        "sm",
                                        "md",
                                        "lg",
                                        "xl",
                                      ]
                                    }
                                  >
                                    <label
                                      className=""
                                    >
                                      Email
                                    </label>
                                  </Label>
                                  <Input
                                    id="email"
                                    name="email"
                                    required={true}
                                    type="email"
                                  >
                                    <input
                                      className="form-control"
                                      id="email"
                                      name="email"
                                      required={true}
                                      type="email"
                                    />
                                  </Input>
                                </div>
                              </FormGroup>
                              <Container
                                tag="div"
                              >
                                <div
                                  className="container"
                                >
                                  <Row
                                    tag="div"
                                    widths={
                                      Array [
                                        "xs",
                                        "sm",
                                        "md",
                                        "lg",
                                        "xl",
                                      ]
                                    }
                                  >
                                    <div
                                      className="row"
                                    >
                                      <Col
                                        tag="div"
                                        widths={
                                          Array [
                                            "xs",
                                            "sm",
                                            "md",
                                            "lg",
                                            "xl",
                                          ]
                                        }
                                      >
                                        <div
                                          className="col"
                                        >
                                          <FormGroup
                                            tag="div"
                                          >
                                            <div
                                              className="form-group"
                                            >
                                              <Label
                                                tag="label"
                                                widths={
                                                  Array [
                                                    "xs",
                                                    "sm",
                                                    "md",
                                                    "lg",
                                                    "xl",
                                                  ]
                                                }
                                              >
                                                <label
                                                  className=""
                                                >
                                                  First Name
                                                </label>
                                              </Label>
                                              <Input
                                                id="firstName"
                                                name="firstName"
                                                required={true}
                                                type="text"
                                              >
                                                <input
                                                  className="form-control"
                                                  id="firstName"
                                                  name="firstName"
                                                  required={true}
                                                  type="text"
                                                />
                                              </Input>
                                            </div>
                                          </FormGroup>
                                        </div>
                                      </Col>
                                      <Col
                                        tag="div"
                                        widths={
                                          Array [
                                            "xs",
                                            "sm",
                                            "md",
                                            "lg",
                                            "xl",
                                          ]
                                        }
                                      >
                                        <div
                                          className="col"
                                        >
                                          <FormGroup
                                            tag="div"
                                          >
                                            <div
                                              className="form-group"
                                            >
                                              <Label
                                                tag="label"
                                                widths={
                                                  Array [
                                                    "xs",
                                                    "sm",
                                                    "md",
                                                    "lg",
                                                    "xl",
                                                  ]
                                                }
                                              >
                                                <label
                                                  className=""
                                                >
                                                  Last Name
                                                </label>
                                              </Label>
                                              <Input
                                                id="lastName"
                                                name="lastName"
                                                required={true}
                                                type="text"
                                              >
                                                <input
                                                  className="form-control"
                                                  id="lastName"
                                                  name="lastName"
                                                  required={true}
                                                  type="text"
                                                />
                                              </Input>
                                            </div>
                                          </FormGroup>
                                        </div>
                                      </Col>
                                    </div>
                                  </Row>
                                </div>
                              </Container>
                              <FormGroup
                                tag="div"
                              >
                                <div
                                  className="form-group"
                                >
                                  <Label
                                    tag="label"
                                    widths={
                                      Array [
                                        "xs",
                                        "sm",
                                        "md",
                                        "lg",
                                        "xl",
                                      ]
                                    }
                                  >
                                    <label
                                      className=""
                                    >
                                      Company Name
                                    </label>
                                  </Label>
                                  <Input
                                    id="companyName"
                                    name="companyName"
                                    required={true}
                                    type="text"
                                  >
                                    <input
                                      className="form-control"
                                      id="companyName"
                                      name="companyName"
                                      required={true}
                                      type="text"
                                    />
                                  </Input>
                                </div>
                              </FormGroup>
                              <FormGroup
                                tag="div"
                              >
                                <div
                                  className="form-group"
                                >
                                  <Label
                                    tag="label"
                                    widths={
                                      Array [
                                        "xs",
                                        "sm",
                                        "md",
                                        "lg",
                                        "xl",
                                      ]
                                    }
                                  >
                                    <label
                                      className=""
                                    >
                                      Phone Number
                                    </label>
                                  </Label>
                                  <Input
                                    id="phoneNumber"
                                    name="phoneNumber"
                                    pattern="[0-9]{3}-[0-9]{3}-[0-9]{4}"
                                    placeholder="123-456-7890"
                                    required={true}
                                    type="tel"
                                  >
                                    <input
                                      className="form-control"
                                      id="phoneNumber"
                                      name="phoneNumber"
                                      pattern="[0-9]{3}-[0-9]{3}-[0-9]{4}"
                                      placeholder="123-456-7890"
                                      required={true}
                                      type="tel"
                                    />
                                  </Input>
                                </div>
                              </FormGroup>
                              <FormGroup
                                tag="div"
                              >
                                <div
                                  className="form-group"
                                >
                                  <Label
                                    tag="label"
                                    widths={
                                      Array [
                                        "xs",
                                        "sm",
                                        "md",
                                        "lg",
                                        "xl",
                                      ]
                                    }
                                  >
                                    <label
                                      className=""
                                    >
                                      Password
                                    </label>
                                  </Label>
                                  <Input
                                    id="password"
                                    minLength={6}
                                    name="password"
                                    required={true}
                                    type="password"
                                  >
                                    <input
                                      className="form-control"
                                      id="password"
                                      minLength={6}
                                      name="password"
                                      required={true}
                                      type="password"
                                    />
                                  </Input>
                                </div>
                              </FormGroup>
                              <FormGroup
                                tag="div"
                              >
                                <div
                                  className="form-group"
                                >
                                  <Label
                                    tag="label"
                                    widths={
                                      Array [
                                        "xs",
                                        "sm",
                                        "md",
                                        "lg",
                                        "xl",
                                      ]
                                    }
                                  >
                                    <label
                                      className=""
                                    >
                                      Confirm Password
                                    </label>
                                  </Label>
                                  <Input
                                    name="confirmation"
                                    type="password"
                                  >
                                    <input
                                      className="form-control"
                                      name="confirmation"
                                      type="password"
                                    />
                                  </Input>
                                </div>
                              </FormGroup>
                            </div>
                          </ModalBody>
                          <ModalFooter
                            tag="div"
                          >
                            <div
                              className="modal-footer"
                            >
                              <Input
                                className="create-account-submit"
                                type="submit"
                              >
                                <input
                                  className="create-account-submit form-control"
                                  type="submit"
                                />
                              </Input>
                            </div>
                          </ModalFooter>
                        </form>
                      </Form>
                    </div>
                  </div>
                </div>
              </Transition>
            </Fade>
            <Fade
              appear={true}
              baseClass="fade"
              baseClassActive="show"
              className="modal-backdrop"
              enter={true}
              exit={true}
              in={true}
              mountOnEnter={true}
              onEnter={[Function]}
              onEntered={[Function]}
              onEntering={[Function]}
              onExit={[Function]}
              onExited={[Function]}
              onExiting={[Function]}
              tag="div"
              timeout={150}
              unmountOnExit={false}
            >
              <Transition
                appear={true}
                enter={true}
                exit={true}
                in={true}
                mountOnEnter={true}
                onEnter={[Function]}
                onEntered={[Function]}
                onEntering={[Function]}
                onExit={[Function]}
                onExited={[Function]}
                onExiting={[Function]}
                timeout={150}
                unmountOnExit={false}
              >
                <div
                  className="modal-backdrop fade"
                />
              </Transition>
            </Fade>
          </div>
        </Portal>
      </Portal>
    </Modal>
  </NewClientButton>
</Provider>
`;
