// Jest Snapshot v1, https://goo.gl/fbAQLP

exports[`renders the component 1`] = `
<div
  className="App"
>
  <Provider
    store={
      Object {
        "dispatch": [Function],
        "getState": [Function],
        "replaceReducer": [Function],
        "subscribe": [Function],
        Symbol(observable): [Function],
      }
    }
  >
    <BrowserRouter>
      <Switch>
        <Route
          component={[Function]}
          exact={true}
          path="/"
        />
        <Route
          component={[Function]}
          path="/login"
        />
        <Route
          path="/login-admin"
        />
        <Route
          component={[Function]}
          path="/home"
        />
        <Route
          component={[Function]}
          path="/admin"
        />
      </Switch>
    </BrowserRouter>
  </Provider>
</div>
`;
